[masked.nicepage.io/index.html]
[backblue.gif]
[fade.gif]
[index.html]
[capp.nicepage.com/09e164cd7fb184d254ee46ac44087625d18d3a58/nicepage.css]
[masked.nicepage.io/Home.css]
[masked.nicepage.io/mm.vercel.app]
[assets.nicepagecdn.com/46fd6c50/5430285/images/maskedmaniacs.jpg]
[capp.nicepage.com/09e164cd7fb184d254ee46ac44087625d18d3a58/nicepage.js]
[masked.nicepage.io/nicepage-site.css]
[masked.nicepage.io/About.html]
[masked.nicepage.io/Contact.html]
[capp.nicepage.com/assets/jquery-3.5.1.min.js]
[assets.nicepagecdn.com/46fd6c50/5430285/images/PUBG-HD-Wallpaper-Free-download.jpg]
[assets.nicepagecdn.com/46fd6c50/5430285/images/IMG_20221219_040222copy.png]
[assets.nicepagecdn.com/46fd6c50/5430285/images/IMG20221218142237convcopy.png]
[assets.nicepagecdn.com/46fd6c50/5430285/images/Screenshot69.png]
[assets.nicepagecdn.com/46fd6c50/5430285/images/Screenshot68.png]
[assets.nicepagecdn.com/46fd6c50/5430285/images/Screenshot71.png]
[assets.nicepagecdn.com/46fd6c50/5430285/images/Screenshot70.png]
[assets.nicepagecdn.com/46fd6c50/5430285/images/banner.jpg]
[assets.nicepagecdn.com/46fd6c50/5430285/images/premiumscrimthumnail2.jpg]
[masked.nicepage.io/index.html]
[capp.nicepage.com/09e164cd7fb184d254ee46ac44087625d18d3a58/nicepage.css]
[masked.nicepage.io/nicepage-site.css]
[masked.nicepage.io/Home.css]
[masked.nicepage.io/Content/BundledScripts/index.html]
[masked.nicepage.io/signature.12.delayed]
[capp.nicepage.com/09e164cd7fb184d254ee46ac44087625d18d3a58/nicepage.js]
[masked.nicepage.io/mm.vercel.html]
[masked.nicepage.io/About.css]
[masked.nicepage.io/About.html]
[masked.nicepage.io/ABCDEFGHIJKLMNOPQRSTUVWXYZabcdefghijklmnopqrstuvwxyz0123456789+/index.html]
[masked.nicepage.io/Contact.css]
[masked.nicepage.io/Contact.html]
[masked.nicepage.io/Content/BundledScripts/index.html]
[masked.nicepage.io/signature.html]
[masked.nicepage.io/ABCDEFGHIJKLMNOPQRSTUVWXYZabcdefghijklmnopqrstuvwxyz0123456789+/index.html]
[masked.nicepage.io/About.css]
[masked.nicepage.io/Contact.css]
